
> flowforge@0.1.0 build
> next build

Γû▓ Next.js 16.2.1 (Turbopack)
- Environments: .env.local, .env

  Creating an optimized production build ...
Γ£ô Compiled successfully in 10.9s
  Running TypeScript ...
node.exe : Failed to type check.
At line:1 char:1
+ & "C:\Program Files\nodejs/node.exe" "C:\Users\DELL\AppData\Roaming\n ...
+ ~~~~~~~~~~~~~~~~~~~~~~~~~~~~~~~~~~~~~~~~~~~~~~~~~~~~~~~~~~~~~~~~~~~~~
    + CategoryInfo          : NotSpecified: (Failed to type check.:String) [], 
    RemoteException
    + FullyQualifiedErrorId : NativeCommandError
 

./components/comment/comment-form.tsx:210:32
Type error: Property 'inline' does not exist on type 
'ClassAttributes<HTMLElement> & HTMLAttributes<HTMLElement> & ExtraProps'.

  [90m208 |[0m                   <a className=[32m"text-blue-600 
hover:text-blue-700 underline"[0m target=[32m"_bla...[0m
  [90m209 |[0m                 ),
[31m[1m>[0m [90m210 |[0m                 code: ({ node, inline, 
className, children, ...props }) => (
  [90m    |[0m                                [31m[1m^[0m
  [90m211 |[0m                   <code
  [90m212 |[0m                     className={[32m`[0m${
  [90m213 |[0m                       inline
Next.js build worker exited with code: 1 and signal: null
